40330 (twist, world) evaluations, 10 workers
  120/40330
  240/40330
  360/40330
  480/40330
  600/40330
  720/40330
  840/40330
  960/40330
  1080/40330
  1200/40330
  1320/40330
  1440/40330
  1560/40330
  1680/40330
  1800/40330
  1920/40330
  2040/40330
  2160/40330
  2280/40330
  2400/40330
  2520/40330
  2640/40330
  2760/40330
  2880/40330
  3000/40330
  3120/40330
  3240/40330
  3360/40330
  3480/40330
  3600/40330
  3720/40330
  3840/40330
  3960/40330
  4080/40330
  4200/40330
  4320/40330
  4440/40330
  4560/40330
  4680/40330
  4800/40330
  4920/40330
  5040/40330
  5160/40330
  5280/40330
  5400/40330
  5520/40330
  5640/40330
  5760/40330
  5880/40330
  6000/40330
  6120/40330
  6240/40330
  6360/40330
  6480/40330
  6600/40330
  6720/40330
  6840/40330
  6960/40330
  7080/40330
  7200/40330
  7320/40330
  7440/40330
  7560/40330
  7680/40330
  7800/40330
  7920/40330
  8040/40330
  8160/40330
  8280/40330
  8400/40330
  8520/40330
  8640/40330
  8760/40330
  8880/40330
  9000/40330
  9120/40330
  9240/40330
  9360/40330
  9480/40330
  9600/40330
  9720/40330
  9840/40330
  9960/40330
  10080/40330
  10200/40330
  10320/40330
  10440/40330
  10560/40330
  10680/40330
  10800/40330
  10920/40330
  11040/40330
  11160/40330
  11280/40330
  11400/40330
  11520/40330
  11640/40330
  11760/40330
  11880/40330
  12000/40330
  12120/40330
  12240/40330
  12360/40330
  12480/40330
  12600/40330
  12720/40330
  12840/40330
  12960/40330
  13080/40330
  13200/40330
  13320/40330
  13440/40330
  13560/40330
  13680/40330
  13800/40330
  13920/40330
  14040/40330
  14160/40330
  14280/40330
  14400/40330
  14520/40330
  14640/40330
  14760/40330
  14880/40330
  15000/40330
  15120/40330
  15240/40330
  15360/40330
  15480/40330
  15600/40330
  15720/40330
  15840/40330
  15960/40330
  16080/40330
  16200/40330
  16320/40330
  16440/40330
  16560/40330
  16680/40330
  16800/40330
  16920/40330
  17040/40330
  17160/40330
  17280/40330
  17400/40330
  17520/40330
  17640/40330
  17760/40330
  17880/40330
  18000/40330
  18120/40330
  18240/40330
  18360/40330
  18480/40330
  18600/40330
  18720/40330
  18840/40330
  18960/40330
  19080/40330
  19200/40330
  19320/40330
  19440/40330
  19560/40330
  19680/40330
  19800/40330
  19920/40330
  20040/40330
  20160/40330
  20280/40330
  20400/40330
  20520/40330
  20640/40330
  20760/40330
  20880/40330
  21000/40330
  21120/40330
  21240/40330
  21360/40330
  21480/40330
  21600/40330
  21720/40330
  21840/40330
  21960/40330
  22080/40330
  22200/40330
  22320/40330
  22440/40330
  22560/40330
  22680/40330
  22800/40330
  22920/40330
  23040/40330
  23160/40330
  23280/40330
  23400/40330
  23520/40330
  23640/40330
  23760/40330
  23880/40330
  24000/40330
  24120/40330
  24240/40330
  24360/40330
  24480/40330
  24600/40330
  24720/40330
  24840/40330
  24960/40330
  25080/40330
  25200/40330
  25320/40330
  25440/40330
  25560/40330
  25680/40330
  25800/40330
  25920/40330
  26040/40330
  26160/40330
  26280/40330
  26400/40330
  26520/40330
  26640/40330
  26760/40330
  26880/40330
  27000/40330
  27120/40330
  27240/40330
  27360/40330
  27480/40330
  27600/40330
  27720/40330
  27840/40330
  27960/40330
  28080/40330
  28200/40330
  28320/40330
  28440/40330
  28560/40330
  28680/40330
  28800/40330
  28920/40330
  29040/40330
  29160/40330
  29280/40330
  29400/40330
  29520/40330
  29640/40330
  29760/40330
  29880/40330
  30000/40330
  30120/40330
  30240/40330
  30360/40330
  30480/40330
  30600/40330
  30720/40330
  30840/40330
  30960/40330
  31080/40330
  31200/40330
  31320/40330
  31440/40330
  31560/40330
  31680/40330
  31800/40330
  31920/40330
  32040/40330
  32160/40330
  32280/40330
  32400/40330
  32520/40330
  32640/40330
  32760/40330
  32880/40330
  33000/40330
  33120/40330
  33240/40330
  33360/40330
  33480/40330
  33600/40330
  33720/40330
  33840/40330
  33960/40330
  34080/40330
  34200/40330
  34320/40330
  34440/40330
  34560/40330
  34680/40330
  34800/40330
  34920/40330
  35040/40330
  35160/40330
  35280/40330
  35400/40330
  35520/40330
  35640/40330
  35760/40330
  35880/40330
  36000/40330
  36120/40330
  36240/40330
  36360/40330
  36480/40330
  36600/40330
  36720/40330
  36840/40330
  36960/40330
  37080/40330
  37200/40330
  37320/40330
  37440/40330
  37560/40330
  37680/40330
  37800/40330
  37920/40330
  38040/40330
  38160/40330
  38280/40330
  38400/40330
  38520/40330
  38640/40330
  38760/40330
  38880/40330
  39000/40330
  39120/40330
  39240/40330
  39360/40330
  39480/40330
  39600/40330
  39720/40330
  39840/40330
  39960/40330
  40080/40330
  40200/40330
  40320/40330
wrote /media/merlin/phd-marlyn/gridBench/notebooks/cross-world/results/seed20260718-fr10/null_standardisation_full2016.parquet
fr-R4Cu4Cd3-rot0 mu=  13.225  s= 0.176  Cart=  11.277  z(Cart)= -11.04  pbal med=  12.802
fr-R4Cu4Cd3-rot90 mu=  13.224  s= 0.177  Cart=  11.277  z(Cart)= -11.00  pbal med=  12.805
fr-R4Cu4Cd3-rot180 mu=  13.223  s= 0.174  Cart=  11.277  z(Cart)= -11.19  pbal med=  12.792
fr-R4Cu4Cd3-rot270 mu=  13.228  s= 0.174  Cart=  11.277  z(Cart)= -11.21  pbal med=  12.810
fr-R3Cu3Cd3-rot0 mu=  13.857  s= 0.186  Cart=  11.800  z(Cart)= -11.04  pbal med=  13.397
fr-R2Cu2Cd3-rot90 mu=  14.449  s= 0.188  Cart=  12.196  z(Cart)= -12.01  pbal med=  13.963
fr-R2Cu2Cd3-rot180 mu=  14.448  s= 0.191  Cart=  12.196  z(Cart)= -11.81  pbal med=  13.941
fr-R2Cu2Cd3-rot270 mu=  14.450  s= 0.183  Cart=  12.196  z(Cart)= -12.30  pbal med=  13.944
fr-R2Cu2Cd3-rot0 mu=  14.450  s= 0.193  Cart=  12.196  z(Cart)= -11.68  pbal med=  13.947
fr-R3Cu2Cd3-rot90 mu=  13.960  s= 0.191  Cart=  11.770  z(Cart)= -11.45  pbal med=  13.473
wrote /media/merlin/phd-marlyn/gridBench/notebooks/cross-world/results/seed20260718-fr10/constants_full2016.json  (FROZEN)
